INFO  2013-08-17 08:10:52,600 [main][MJParser.java:668] : Compiling source file: /Users/ntrifunovic/Dropbox/IR4PP1/Projekat/MJCompiler/test/program13.mj
INFO  2013-08-17 08:10:52,617 [main][MJParser.java:640] : #2 program
INFO  2013-08-17 08:10:52,617 [main][MJParser.java:640] : #44 Test13
INFO  2013-08-17 08:10:52,618 [main][MJParser.java:640] : #34 {
INFO  2013-08-17 08:10:52,618 [main][MJParser.java:2746] : Pocetak programa Test13 na liniji 1
INFO  2013-08-17 08:10:52,620 [main][MJParser.java:640] : #44 int
INFO  2013-08-17 08:10:52,620 [main][MJParser.java:640] : #44 m
INFO  2013-08-17 08:10:52,620 [main][MJParser.java:640] : #39 (
INFO  2013-08-17 08:10:52,621 [main][MJParser.java:640] : #44 int
INFO  2013-08-17 08:10:52,621 [main][MJParser.java:640] : #44 i
INFO  2013-08-17 08:10:52,621 [main][MJParser.java:640] : #40 )
INFO  2013-08-17 08:10:52,622 [main][MJParser.java:640] : #34 {
INFO  2013-08-17 08:10:52,622 [main][MJParser.java:640] : #26 print
INFO  2013-08-17 08:10:52,622 [main][MJParser.java:640] : #39 (
INFO  2013-08-17 08:10:52,622 [main][MJParser.java:640] : #44 i
INFO  2013-08-17 08:10:52,622 [main][MJParser.java:640] : #40 )
INFO  2013-08-17 08:10:52,624 [main][MJParser.java:948] : Koriscenje identifikatora i na liniji 4
INFO  2013-08-17 08:10:52,624 [main][MJParser.java:640] : #38 ;
INFO  2013-08-17 08:10:52,624 [main][MJParser.java:640] : #6 return
INFO  2013-08-17 08:10:52,624 [main][MJParser.java:640] : #43 2
INFO  2013-08-17 08:10:52,625 [main][MJParser.java:640] : #38 ;
INFO  2013-08-17 08:10:52,625 [main][MJParser.java:640] : #35 }
INFO  2013-08-17 08:10:52,625 [main][MJParser.java:640] : #7 void
INFO  2013-08-17 08:10:52,625 [main][MJParser.java:640] : #44 main
INFO  2013-08-17 08:10:52,625 [main][MJParser.java:640] : #39 (
INFO  2013-08-17 08:10:52,625 [main][MJParser.java:640] : #40 )
INFO  2013-08-17 08:10:52,625 [main][MJParser.java:640] : #44 A
INFO  2013-08-17 08:10:52,625 [main][MJParser.java:640] : #44 x
INFO  2013-08-17 08:10:52,625 [main][MJParser.java:2259] : Nije pronadjen tip A u tabeli simbola
INFO  2013-08-17 08:10:52,626 [main][MJParser.java:640] : #38 ;
INFO  2013-08-17 08:10:52,626 [main][MJParser.java:640] : #34 {
INFO  2013-08-17 08:10:52,626 [main][MJParser.java:640] : #26 print
INFO  2013-08-17 08:10:52,626 [main][MJParser.java:640] : #39 (
INFO  2013-08-17 08:10:52,626 [main][MJParser.java:640] : #44 m
INFO  2013-08-17 08:10:52,626 [main][MJParser.java:640] : #39 (
INFO  2013-08-17 08:10:52,626 [main][MJParser.java:948] : Koriscenje identifikatora m na liniji 9
INFO  2013-08-17 08:10:52,626 [main][MJParser.java:640] : #43 3
INFO  2013-08-17 08:10:52,626 [main][MJParser.java:640] : #40 )
INFO  2013-08-17 08:10:52,627 [main][MJParser.java:640] : #40 )
INFO  2013-08-17 08:10:52,627 [main][MJParser.java:1156] : Poziv metodem na liniji 9
INFO  2013-08-17 08:10:52,627 [main][MJParser.java:640] : #38 ;
INFO  2013-08-17 08:10:52,627 [main][MJParser.java:640] : #35 }
INFO  2013-08-17 08:10:52,627 [main][MJParser.java:640] : #35 }
INFO  2013-08-17 08:10:52,628 [main][MJParser.java:2780] : Broj globalnih prostih promenjivih:0
INFO  2013-08-17 08:10:52,628 [main][MJParser.java:2781] : Broj globalnih nizova:0
INFO  2013-08-17 08:10:52,628 [main][MJParser.java:2782] : Broj globalnih konstanti:0
INFO  2013-08-17 08:10:52,628 [main][MJParser.java:2783] : Broj unutrasnjih klasa:0
INFO  2013-08-17 08:10:52,628 [main][MJParser.java:2784] : Broj iskaza u main-u:1
INFO  2013-08-17 08:10:52,628 [main][MJParser.java:2785] : Broj poziva metoda u main-u:1
INFO  2013-08-17 08:10:52,628 [main][MJParser.java:2786] : Broj blokova naredbi:0
INFO  2013-08-17 08:10:52,628 [main][MJParser.java:2787] : Broj funkcija glavnog programa:2
INFO  2013-08-17 08:10:52,629 [main][MJParser.java:2788] : Broj funkcija unutrasnjih klasa:0
INFO  2013-08-17 08:10:52,629 [main][MJParser.java:2789] : Broj naredbi kreiranja instanci unutrasnjih klasa:0
INFO  2013-08-17 08:10:52,629 [main][MJParser.java:2790] : Broj pristupa clanovima natklase preko kljucne reci super:0
=====================SYMBOL TABLE DUMP=========================
Type int: int, -1, -1 
Type char: char, -1, -1 
Con eol: char, 10, 0 
Con null: Class [], 0, 0 
Meth chr: char, 0, 1 
   Var i: int, 0, 1 

Meth ord: int, 0, 1 
   Var ch: char, 0, 1 

Meth len: int, 0, 1 
   Var arr: Arr of notype, 0, 1 

Type string: , -1, -1 
Type bool: , -1, -1 
Prog Test13: notype, 0, 1 
   Meth m: int, 0, 1 
      Var i: int, 0, 1 

   Meth main: notype, 11, 0 
      Var x: notype, 0, 1 



INFO  2013-08-17 08:10:52,630 [main][MJParser.java:681] : Generating bytecode file: /Users/ntrifunovic/Dropbox/IR4PP1/Projekat/MJCompiler/test/program13.obj
INFO  2013-08-17 08:10:52,630 [main][MJParser.java:686] : Parsiranje uspesno zavrseno!
