INFO  2013-08-17 08:10:51,806 [main][MJParser.java:668] : Compiling source file: /Users/ntrifunovic/Dropbox/IR4PP1/Projekat/MJCompiler/test/program11.mj
INFO  2013-08-17 08:10:51,824 [main][MJParser.java:640] : #2 program
INFO  2013-08-17 08:10:51,825 [main][MJParser.java:640] : #44 Test11
INFO  2013-08-17 08:10:51,825 [main][MJParser.java:640] : #4 class
INFO  2013-08-17 08:10:51,825 [main][MJParser.java:2746] : Pocetak programa Test11 na liniji 1
INFO  2013-08-17 08:10:51,827 [main][MJParser.java:640] : #44 A
INFO  2013-08-17 08:10:51,827 [main][MJParser.java:640] : #34 {
INFO  2013-08-17 08:10:51,827 [main][MJParser.java:2335] : Deklarisana klasa A na liniji 3
INFO  2013-08-17 08:10:51,828 [main][MJParser.java:640] : #7 void
INFO  2013-08-17 08:10:51,828 [main][MJParser.java:640] : #44 m
INFO  2013-08-17 08:10:51,828 [main][MJParser.java:640] : #39 (
INFO  2013-08-17 08:10:51,829 [main][MJParser.java:640] : #40 )
INFO  2013-08-17 08:10:51,829 [main][MJParser.java:640] : #34 {
INFO  2013-08-17 08:10:51,829 [main][MJParser.java:640] : #26 print
INFO  2013-08-17 08:10:51,829 [main][MJParser.java:640] : #39 (
INFO  2013-08-17 08:10:51,829 [main][MJParser.java:640] : #46 A
INFO  2013-08-17 08:10:51,832 [main][MJParser.java:640] : #40 )
INFO  2013-08-17 08:10:51,832 [main][MJParser.java:640] : #38 ;
INFO  2013-08-17 08:10:51,832 [main][MJParser.java:640] : #35 }
INFO  2013-08-17 08:10:51,832 [main][MJParser.java:640] : #35 }
INFO  2013-08-17 08:10:51,833 [main][MJParser.java:640] : #4 class
INFO  2013-08-17 08:10:51,833 [main][MJParser.java:640] : #44 B
INFO  2013-08-17 08:10:51,833 [main][MJParser.java:640] : #5 extends
INFO  2013-08-17 08:10:51,833 [main][MJParser.java:2335] : Deklarisana klasa B na liniji 9
INFO  2013-08-17 08:10:51,833 [main][MJParser.java:640] : #44 A
INFO  2013-08-17 08:10:51,833 [main][MJParser.java:640] : #34 {
INFO  2013-08-17 08:10:51,834 [main][MJParser.java:640] : #7 void
INFO  2013-08-17 08:10:51,834 [main][MJParser.java:640] : #44 m
INFO  2013-08-17 08:10:51,834 [main][MJParser.java:640] : #39 (
INFO  2013-08-17 08:10:51,834 [main][MJParser.java:640] : #40 )
INFO  2013-08-17 08:10:51,834 [main][MJParser.java:640] : #34 {
INFO  2013-08-17 08:10:51,834 [main][MJParser.java:640] : #26 print
INFO  2013-08-17 08:10:51,834 [main][MJParser.java:640] : #39 (
INFO  2013-08-17 08:10:51,834 [main][MJParser.java:640] : #46 B
INFO  2013-08-17 08:10:51,834 [main][MJParser.java:640] : #40 )
INFO  2013-08-17 08:10:51,834 [main][MJParser.java:640] : #38 ;
INFO  2013-08-17 08:10:51,835 [main][MJParser.java:640] : #35 }
INFO  2013-08-17 08:10:51,835 [main][MJParser.java:640] : #35 }
INFO  2013-08-17 08:10:51,835 [main][MJParser.java:640] : #34 {
INFO  2013-08-17 08:10:51,835 [main][MJParser.java:640] : #7 void
INFO  2013-08-17 08:10:51,835 [main][MJParser.java:640] : #44 main
INFO  2013-08-17 08:10:51,835 [main][MJParser.java:640] : #39 (
INFO  2013-08-17 08:10:51,835 [main][MJParser.java:640] : #40 )
INFO  2013-08-17 08:10:51,835 [main][MJParser.java:640] : #44 A
INFO  2013-08-17 08:10:51,835 [main][MJParser.java:640] : #44 x
INFO  2013-08-17 08:10:51,836 [main][MJParser.java:640] : #38 ;
INFO  2013-08-17 08:10:51,836 [main][MJParser.java:640] : #34 {
INFO  2013-08-17 08:10:51,836 [main][MJParser.java:640] : #44 x
INFO  2013-08-17 08:10:51,836 [main][MJParser.java:640] : #16 =
INFO  2013-08-17 08:10:51,836 [main][MJParser.java:948] : Koriscenje identifikatora x na liniji 18
INFO  2013-08-17 08:10:51,836 [main][MJParser.java:640] : #8 new
INFO  2013-08-17 08:10:51,836 [main][MJParser.java:640] : #44 B
INFO  2013-08-17 08:10:51,836 [main][MJParser.java:640] : #38 ;
INFO  2013-08-17 08:10:51,836 [main][MJParser.java:640] : #44 x
INFO  2013-08-17 08:10:51,837 [main][MJParser.java:640] : #42 .
INFO  2013-08-17 08:10:51,837 [main][MJParser.java:948] : Koriscenje identifikatora x na liniji 20
INFO  2013-08-17 08:10:51,837 [main][MJParser.java:640] : #44 m
INFO  2013-08-17 08:10:51,837 [main][MJParser.java:640] : #39 (
INFO  2013-08-17 08:10:51,837 [main][MJParser.java:640] : #40 )
INFO  2013-08-17 08:10:51,837 [main][MJParser.java:640] : #38 ;
INFO  2013-08-17 08:10:51,837 [main][MJParser.java:1156] : Poziv metodem na liniji 20
INFO  2013-08-17 08:10:51,837 [main][MJParser.java:640] : #35 }
INFO  2013-08-17 08:10:51,837 [main][MJParser.java:640] : #35 }
INFO  2013-08-17 08:10:51,838 [main][MJParser.java:2780] : Broj globalnih prostih promenjivih:0
INFO  2013-08-17 08:10:51,838 [main][MJParser.java:2781] : Broj globalnih nizova:0
INFO  2013-08-17 08:10:51,838 [main][MJParser.java:2782] : Broj globalnih konstanti:0
INFO  2013-08-17 08:10:51,838 [main][MJParser.java:2783] : Broj unutrasnjih klasa:2
INFO  2013-08-17 08:10:51,838 [main][MJParser.java:2784] : Broj iskaza u main-u:1
INFO  2013-08-17 08:10:51,838 [main][MJParser.java:2785] : Broj poziva metoda u main-u:1
INFO  2013-08-17 08:10:51,839 [main][MJParser.java:2786] : Broj blokova naredbi:0
INFO  2013-08-17 08:10:51,839 [main][MJParser.java:2787] : Broj funkcija glavnog programa:1
INFO  2013-08-17 08:10:51,839 [main][MJParser.java:2788] : Broj funkcija unutrasnjih klasa:2
INFO  2013-08-17 08:10:51,839 [main][MJParser.java:2789] : Broj naredbi kreiranja instanci unutrasnjih klasa:1
INFO  2013-08-17 08:10:51,839 [main][MJParser.java:2790] : Broj pristupa clanovima natklase preko kljucne reci super:0
=====================SYMBOL TABLE DUMP=========================
Type int: int, -1, -1 
Type char: char, -1, -1 
Con eol: char, 10, 0 
Con null: Class [], 0, 0 
Meth chr: char, 0, 1 
   Var i: int, 0, 1 

Meth ord: int, 0, 1 
   Var ch: char, 0, 1 

Meth len: int, 0, 1 
   Var arr: Arr of notype, 0, 1 

Type string: , -1, -1 
Type bool: , -1, -1 
Prog Test11: notype, 0, 1 
   Type A: Class [Fld @vtable: notype, 0, 1 Meth m: notype, 0, 0 
      Var this: , 0, 1 
], 1000, 0 
   Type B: Class [Fld @vtable: notype, 0, 1 Meth super.m: notype, 0, 1 
Meth m: notype, 12, 0 
      Var this: , 0, 1 
], 1004, 0 
   Meth main: notype, 76, 0 
      Var x: Class [Fld @vtable: notype, 0, 1 Meth m: notype, 0, 0 
         Var this: , 0, 1 
], 0, 1 



INFO  2013-08-17 08:10:51,840 [main][MJParser.java:681] : Generating bytecode file: /Users/ntrifunovic/Dropbox/IR4PP1/Projekat/MJCompiler/test/program11.obj
INFO  2013-08-17 08:10:51,841 [main][MJParser.java:686] : Parsiranje uspesno zavrseno!
